
> league-auction@0.1.0 build
> next build

??Next.js 16.1.6 (Turbopack)
- Environments: .env.local

??The "middleware" file convention is deprecated. Please use "proxy" instead. Learn more: https://nextjs.org/docs/messages/middleware-to-proxy
  Creating an optimized production build ...
??Compiled successfully in 3.0s
  Running TypeScript ...
  Collecting page data using 15 workers ...
  Generating static pages using 15 workers (0/7) ...
  Generating static pages using 15 workers (1/7) 
??metadataBase property in metadata export is not set for resolving social open graph or twitter images, using "http://localhost:3000". See https://nextjs.org/docs/app/api-reference/functions/generate-metadata#metadatabase
  Generating static pages using 15 workers (3/7) 
  Generating static pages using 15 workers (5/7) 
??Generating static pages using 15 workers (7/7) in 443.2ms
  Finalizing page optimization ...

Route (app)
??? /
??? /_not-found
??? /api/room-auth
????/robots.txt
??? /room/[id]
????/sitemap.xml


? Proxy (Middleware)

?? (Static)   prerendered as static content
?  (Dynamic)  server-rendered on demand

